// Jest Snapshot v1, https://goo.gl/fbAQLP

exports[`StepLib list list steps by step id 1`] = `
[
  {
    "cvs": "without-cvs@2.0.0",
    "latest": true,
  },
  {
    "cvs": "with-cvs@1.0.0",
    "latest": false,
  },
  {
    "cvs": "with-cvs@1.1.0",
    "latest": false,
  },
  {
    "cvs": "with-partial-cvs@2.1.0",
    "latest": true,
  },
]
`;

exports[`StepLib list list steps with inputs 1`] = `
[
  {
    "cvs": "activate-ssh-key@4.0.5",
    "inputs": [
      {
        "opts": [
          [Function],
        ],
        "ssh_rsa_private_key": "$SSH_RSA_PRIVATE_KEY",
      },
      {
        "opts": [
          [Function],
        ],
        "ssh_key_save_path": "$HOME/.ssh/bitrise_step_activate_ssh_key",
      },
    ],
    "objectID": "114723561",
  },
  {
    "cvs": "cocoapods-install@1.10.1",
    "inputs": [],
    "objectID": "114726881",
  },
  {
    "cvs": "create-android-emulator@1.1.6",
    "inputs": [],
    "objectID": "114727601",
  },
  {
    "cvs": "codecov@1.1.6",
    "inputs": [
      {
        "opts": [
          [Function],
        ],
        "ssh_key_save_path": "$HOME/.ssh/bitrise_step_activate_ssh_key",
      },
    ],
    "objectID": "114727221",
  },
]
`;
